Java HotSpot(TM) 64-Bit Server VM (25.51-b03) for windows-amd64 JRE (1.8.0_51-b16), built on Jun  8 2015 18:03:07 by "java_re" with MS VC++ 10.0 (VS2010)
Memory: 4k page, physical 16493352k(8071152k free), swap 18983720k(5881976k free)
CommandLine flags: -XX:+HeapDumpOnOutOfMemoryError -XX:HeapDumpPath=C:\weijian -XX:InitialHeapSize=5242880 -XX:MaxHeapSize=5242880 -XX:+PrintGC -XX:+PrintGCDetails -XX:+PrintGCTimeStamps -XX:+UseCompressedClassPointers -XX:+UseCompressedOops -XX:-UseLargePagesIndividualAllocation -XX:+UseParallelGC 
0.099: [GC (Allocation Failure) [PSYoungGen: 1024K->504K(1536K)] 1024K->660K(5632K), 0.0006819 secs] [Times: user=0.00 sys=0.00, real=0.00 secs] 
0.128: [GC (Allocation Failure) [PSYoungGen: 1528K->504K(1536K)] 1684K->1055K(5632K), 0.0011106 secs] [Times: user=0.00 sys=0.00, real=0.00 secs] 
0.195: [GC (Allocation Failure) [PSYoungGen: 1528K->496K(1536K)] 2079K->1271K(5632K), 0.0009222 secs] [Times: user=0.00 sys=0.00, real=0.00 secs] 
0.224: [GC (Allocation Failure) [PSYoungGen: 1520K->504K(1536K)] 2295K->1319K(5632K), 0.0009465 secs] [Times: user=0.00 sys=0.00, real=0.00 secs] 
0.258: [GC (Allocation Failure) [PSYoungGen: 1528K->488K(1536K)] 2343K->1415K(5632K), 0.0006462 secs] [Times: user=0.00 sys=0.00, real=0.00 secs] 
0.277: [GC (Allocation Failure) [PSYoungGen: 1512K->508K(1536K)] 2439K->1476K(5632K), 0.0009914 secs] [Times: user=0.00 sys=0.00, real=0.00 secs] 
0.292: [GC (Allocation Failure) [PSYoungGen: 1532K->374K(1536K)] 2500K->1765K(5632K), 0.0005160 secs] [Times: user=0.00 sys=0.00, real=0.00 secs] 
0.304: [GC (Allocation Failure) [PSYoungGen: 1398K->306K(1536K)] 2789K->1808K(5632K), 0.0005701 secs] [Times: user=0.00 sys=0.00, real=0.00 secs] 
0.314: [GC (Allocation Failure) [PSYoungGen: 1330K->242K(1536K)] 2832K->1800K(5632K), 0.0006548 secs] [Times: user=0.00 sys=0.00, real=0.00 secs] 
0.326: [GC (Allocation Failure) [PSYoungGen: 1266K->224K(1536K)] 2824K->1976K(5632K), 0.0005691 secs] [Times: user=0.00 sys=0.00, real=0.00 secs] 
0.349: [GC (Allocation Failure) [PSYoungGen: 1248K->251K(1536K)] 3000K->2108K(5632K), 0.0011068 secs] [Times: user=0.00 sys=0.00, real=0.00 secs] 
0.366: [GC (Allocation Failure) [PSYoungGen: 1275K->256K(1536K)] 3132K->2308K(5632K), 0.0008147 secs] [Times: user=0.00 sys=0.00, real=0.00 secs] 
0.378: [GC (Allocation Failure) [PSYoungGen: 1280K->192K(1536K)] 3332K->2308K(5632K), 0.0010874 secs] [Times: user=0.06 sys=0.00, real=0.00 secs] 
0.393: [GC (Allocation Failure) [PSYoungGen: 1195K->224K(1536K)] 3311K->2412K(5632K), 0.0009848 secs] [Times: user=0.00 sys=0.00, real=0.00 secs] 
0.405: [GC (Allocation Failure) [PSYoungGen: 1248K->313K(1536K)] 3436K->2557K(5632K), 0.0005898 secs] [Times: user=0.00 sys=0.00, real=0.00 secs] 
0.421: [GC (Allocation Failure) [PSYoungGen: 1337K->128K(1536K)] 3581K->2621K(5632K), 0.0008900 secs] [Times: user=0.00 sys=0.00, real=0.00 secs] 
0.436: [GC (Allocation Failure) [PSYoungGen: 1152K->224K(1536K)] 3645K->2797K(5632K), 0.0009220 secs] [Times: user=0.00 sys=0.00, real=0.00 secs] 
0.450: [GC (Allocation Failure) [PSYoungGen: 1248K->192K(1536K)] 3821K->2845K(5632K), 0.0010908 secs] [Times: user=0.00 sys=0.00, real=0.00 secs] 
0.464: [GC (Allocation Failure) [PSYoungGen: 1216K->64K(1536K)] 3869K->2781K(5632K), 0.0009169 secs] [Times: user=0.00 sys=0.00, real=0.00 secs] 
0.476: [GC (Allocation Failure) [PSYoungGen: 1088K->437K(1536K)] 3805K->3219K(5632K), 0.0008231 secs] [Times: user=0.00 sys=0.00, real=0.00 secs] 
0.491: [GC (Allocation Failure) [PSYoungGen: 1461K->160K(1536K)] 4243K->3283K(5632K), 0.0008643 secs] [Times: user=0.00 sys=0.00, real=0.00 secs] 
0.503: [GC (Allocation Failure) [PSYoungGen: 1184K->192K(1536K)] 4307K->3395K(5632K), 0.0009059 secs] [Times: user=0.08 sys=0.02, real=0.00 secs] 
0.515: [GC (Allocation Failure) [PSYoungGen: 1216K->256K(1536K)] 4419K->3539K(5632K), 0.0010852 secs] [Times: user=0.00 sys=0.00, real=0.00 secs] 
0.529: [GC (Allocation Failure) [PSYoungGen: 1280K->224K(1536K)] 4563K->3587K(5632K), 0.0011103 secs] [Times: user=0.00 sys=0.00, real=0.00 secs] 
0.554: [GC (Allocation Failure) [PSYoungGen: 1248K->160K(1536K)] 4611K->3587K(5632K), 0.0014795 secs] [Times: user=0.00 sys=0.00, real=0.00 secs] 
0.567: [GC (Allocation Failure) [PSYoungGen: 1184K->256K(1536K)] 4611K->3747K(5632K), 0.0011074 secs] [Times: user=0.00 sys=0.00, real=0.00 secs] 
0.579: [GC (Allocation Failure) [PSYoungGen: 1280K->192K(1536K)] 4771K->3739K(5632K), 0.0008213 secs] [Times: user=0.00 sys=0.00, real=0.00 secs] 
0.588: [GC (Allocation Failure) [PSYoungGen: 972K->96K(1536K)] 4519K->3715K(5632K), 0.0009652 secs] [Times: user=0.00 sys=0.00, real=0.00 secs] 
0.597: [GC (Allocation Failure) [PSYoungGen: 1120K->480K(1536K)] 4739K->4172K(5632K), 0.0008587 secs] [Times: user=0.09 sys=0.00, real=0.00 secs] 
0.611: [GC (Allocation Failure) --[PSYoungGen: 1504K->1504K(1536K)] 5196K->5236K(5632K), 0.0009328 secs] [Times: user=0.00 sys=0.00, real=0.00 secs] 
0.612: [Full GC (Ergonomics) [PSYoungGen: 1504K->0K(1536K)] [ParOldGen: 3731K->2611K(4096K)] 5236K->2611K(5632K), [Metaspace: 3433K->3433K(1056768K)], 0.0336502 secs] [Times: user=0.13 sys=0.00, real=0.03 secs] 
0.656: [GC (Allocation Failure) [PSYoungGen: 1024K->224K(1536K)] 3635K->2835K(5632K), 0.0007546 secs] [Times: user=0.00 sys=0.00, real=0.00 secs] 
0.668: [GC (Allocation Failure) [PSYoungGen: 1248K->224K(1536K)] 3859K->2915K(5632K), 0.0011351 secs] [Times: user=0.00 sys=0.00, real=0.00 secs] 
0.681: [GC (Allocation Failure) [PSYoungGen: 1248K->192K(1536K)] 3939K->2955K(5632K), 0.0010259 secs] [Times: user=0.00 sys=0.00, real=0.00 secs] 
0.694: [GC (Allocation Failure) [PSYoungGen: 1216K->192K(1536K)] 3979K->3027K(5632K), 0.0009276 secs] [Times: user=0.00 sys=0.00, real=0.00 secs] 
0.706: [GC (Allocation Failure) [PSYoungGen: 1216K->224K(1536K)] 4051K->3131K(5632K), 0.0010520 secs] [Times: user=0.00 sys=0.00, real=0.00 secs] 
0.717: [GC (Allocation Failure) [PSYoungGen: 1248K->160K(1536K)] 4155K->3139K(5632K), 0.0009020 secs] [Times: user=0.00 sys=0.00, real=0.00 secs] 
0.730: [GC (Allocation Failure) [PSYoungGen: 1184K->192K(1536K)] 4163K->3235K(5632K), 0.0008683 secs] [Times: user=0.00 sys=0.00, real=0.00 secs] 
0.746: [GC (Allocation Failure) [PSYoungGen: 1216K->192K(1536K)] 4259K->3307K(5632K), 0.0009924 secs] [Times: user=0.00 sys=0.00, real=0.00 secs] 
0.761: [GC (Allocation Failure) [PSYoungGen: 1216K->192K(1536K)] 4331K->3371K(5632K), 0.0009052 secs] [Times: user=0.00 sys=0.00, real=0.00 secs] 
0.775: [GC (Allocation Failure) [PSYoungGen: 1216K->224K(1536K)] 4395K->3475K(5632K), 0.0011296 secs] [Times: user=0.00 sys=0.00, real=0.00 secs] 
0.788: [GC (Allocation Failure) [PSYoungGen: 1248K->96K(1536K)] 5124K->4036K(5632K), 0.0008676 secs] [Times: user=0.00 sys=0.00, real=0.00 secs] 
0.789: [Full GC (Ergonomics) [PSYoungGen: 96K->0K(1536K)] [ParOldGen: 3940K->3330K(4096K)] 4036K->3330K(5632K), [Metaspace: 3434K->3434K(1056768K)], 0.0263847 secs] [Times: user=0.03 sys=0.00, real=0.03 secs] 
0.830: [GC (Allocation Failure) [PSYoungGen: 1024K->256K(1536K)] 4354K->3586K(5632K), 0.0007619 secs] [Times: user=0.00 sys=0.00, real=0.00 secs] 
0.848: [GC (Allocation Failure) [PSYoungGen: 1280K->128K(1536K)] 4610K->3458K(5632K), 0.0019545 secs] [Times: user=0.00 sys=0.00, real=0.00 secs] 
0.867: [GC (Allocation Failure) [PSYoungGen: 1152K->224K(1536K)] 4482K->3554K(5632K), 0.0013511 secs] [Times: user=0.00 sys=0.00, real=0.00 secs] 
0.881: [GC (Allocation Failure) [PSYoungGen: 1248K->320K(1536K)] 4578K->3650K(5632K), 0.0018212 secs] [Times: user=0.00 sys=0.00, real=0.00 secs] 
0.896: [GC (Allocation Failure) [PSYoungGen: 1344K->320K(1536K)] 4674K->3650K(5632K), 0.0013334 secs] [Times: user=0.00 sys=0.00, real=0.00 secs] 
0.913: [GC (Allocation Failure) [PSYoungGen: 1344K->448K(1536K)] 4674K->3778K(5632K), 0.0020182 secs] [Times: user=0.00 sys=0.00, real=0.00 secs] 
0.928: [GC (Allocation Failure) [PSYoungGen: 1472K->320K(1536K)] 4802K->3754K(5632K), 0.0026774 secs] [Times: user=0.00 sys=0.00, real=0.00 secs] 
0.947: [GC (Allocation Failure) [PSYoungGen: 1344K->288K(1536K)] 4778K->3834K(5632K), 0.0025605 secs] [Times: user=0.00 sys=0.00, real=0.00 secs] 
0.964: [GC (Allocation Failure) [PSYoungGen: 1312K->256K(1536K)] 4858K->3914K(5632K), 0.0017558 secs] [Times: user=0.00 sys=0.00, real=0.00 secs] 
0.982: [GC (Allocation Failure) [PSYoungGen: 1280K->304K(1536K)] 4938K->4010K(5632K), 0.0016096 secs] [Times: user=0.00 sys=0.00, real=0.00 secs] 
0.994: [GC (Allocation Failure) [PSYoungGen: 1328K->352K(1536K)] 5034K->4122K(5632K), 0.0014494 secs] [Times: user=0.00 sys=0.00, real=0.00 secs] 
1.011: [GC (Allocation Failure) [PSYoungGen: 1376K->352K(1536K)] 5146K->4186K(5632K), 0.0015860 secs] [Times: user=0.00 sys=0.00, real=0.00 secs] 
1.027: [GC (Allocation Failure) [PSYoungGen: 1376K->416K(1536K)] 5210K->4362K(5632K), 0.0014298 secs] [Times: user=0.00 sys=0.00, real=0.00 secs] 
1.029: [Full GC (Ergonomics) [PSYoungGen: 416K->0K(1536K)] [ParOldGen: 3946K->4037K(4096K)] 4362K->4037K(5632K), [Metaspace: 3773K->3773K(1056768K)], 0.0471111 secs] [Times: user=0.09 sys=0.02, real=0.05 secs] 
1.091: [Full GC (Ergonomics) [PSYoungGen: 1024K->0K(1536K)] [ParOldGen: 4037K->4083K(4096K)] 5061K->4083K(5632K), [Metaspace: 3773K->3773K(1056768K)], 0.0219312 secs] [Times: user=0.16 sys=0.00, real=0.02 secs] 
1.126: [Full GC (Ergonomics) [PSYoungGen: 1024K->46K(1536K)] [ParOldGen: 4083K->4083K(4096K)] 5107K->4130K(5632K), [Metaspace: 3773K->3773K(1056768K)], 0.0291165 secs] [Times: user=0.19 sys=0.00, real=0.03 secs] 
1.165: [Full GC (Ergonomics) [PSYoungGen: 1024K->90K(1536K)] [ParOldGen: 4083K->4067K(4096K)] 5107K->4158K(5632K), [Metaspace: 3773K->3773K(1056768K)], 0.0440787 secs] [Times: user=0.17 sys=0.00, real=0.04 secs] 
1.224: [Full GC (Ergonomics) [PSYoungGen: 1024K->133K(1536K)] [ParOldGen: 4067K->4067K(4096K)] 5091K->4200K(5632K), [Metaspace: 3773K->3773K(1056768K)], 0.0257123 secs] [Times: user=0.06 sys=0.02, real=0.03 secs] 
1.258: [Full GC (Ergonomics) [PSYoungGen: 1024K->173K(1536K)] [ParOldGen: 4067K->4066K(4096K)] 5091K->4239K(5632K), [Metaspace: 3773K->3773K(1056768K)], 0.0369859 secs] [Times: user=0.19 sys=0.00, real=0.04 secs] 
1.299: [Full GC (Ergonomics) [PSYoungGen: 548K->189K(1536K)] [ParOldGen: 4066K->4066K(4096K)] 4615K->4256K(5632K), [Metaspace: 3773K->3773K(1056768K)], 0.0253669 secs] [Times: user=0.20 sys=0.00, real=0.03 secs] 
1.325: [Full GC (Allocation Failure) [PSYoungGen: 189K->189K(1536K)] [ParOldGen: 4066K->4032K(4096K)] 4256K->4222K(5632K), [Metaspace: 3773K->3773K(1056768K)], 0.0269837 secs] [Times: user=0.19 sys=0.00, real=0.03 secs] 
Heap
 PSYoungGen      total 1536K, used 244K [0x00000000ffe00000, 0x0000000100000000, 0x0000000100000000)
  eden space 1024K, 23% used [0x00000000ffe00000,0x00000000ffe3d1e8,0x00000000fff00000)
  from space 512K, 0% used [0x00000000fff00000,0x00000000fff00000,0x00000000fff80000)
  to   space 512K, 0% used [0x00000000fff80000,0x00000000fff80000,0x0000000100000000)
 ParOldGen       total 4096K, used 4032K [0x00000000ffa00000, 0x00000000ffe00000, 0x00000000ffe00000)
  object space 4096K, 98% used [0x00000000ffa00000,0x00000000ffdf0230,0x00000000ffe00000)
 Metaspace       used 3803K, capacity 4540K, committed 4864K, reserved 1056768K
  class space    used 415K, capacity 428K, committed 512K, reserved 1048576K
